Component: ARM Compiler 5.06 update 4 (build 422) Tool: armlink [4d35d2]

==============================================================================

Section Cross References

    startup_stm32f40_41xxx.o(RESET) refers to startup_stm32f40_41xxx.o(STACK) for __initial_sp
    startup_stm32f40_41xxx.o(RESET) refers to startup_stm32f40_41xxx.o(.text) for Reset_Handler
    startup_stm32f40_41xxx.o(RESET) refers to stm32f4xx_it.o(.text) for NMI_Handler
    startup_stm32f40_41xxx.o(.text) refers to system_stm32f4xx.o(.text) for SystemInit
    startup_stm32f40_41xxx.o(.text) refers to entry.o(.ARM.Collect$$$$00000000) for __main
    stm32f4xx_rcc.o(.text) refers to stm32f4xx_rcc.o(.data) for APBAHBPrescTable
    stm32f4xx_gpio.o(.text) refers to stm32f4xx_rcc.o(.text) for RCC_AHB1PeriphResetCmd
    tm_stm32f4_delay.o(.text) refers to malloc.o(i.malloc) for malloc
    tm_stm32f4_delay.o(.text) refers to malloc.o(i.free) for free
    tm_stm32f4_delay.o(.text) refers to tm_stm32f4_delay.o(.data) for TM_Time
    tm_stm32f4_delay.o(.text) refers to tm_stm32f4_delay.o(.bss) for CustomTimers
    tm_stm32f4_delay.o(.text) refers to system_stm32f4xx.o(.data) for SystemCoreClock
    tm_stm32f4_disco.o(.text) refers to tm_stm32f4_gpio.o(.text) for TM_GPIO_Init
    tm_stm32f4_disco.o(.text) refers to tm_stm32f4_disco.o(.data) for TM_INT_DISCO_ButtonPressed
    tm_stm32f4_gpio.o(.text) refers to tm_stm32f4_gpio.o(.bss) for GPIO_UsedPins
    main.o(.text) refers to system_stm32f4xx.o(.text) for SystemInit
    main.o(.text) refers to tm_stm32f4_delay.o(.text) for TM_DELAY_Init
    main.o(.text) refers to tm_stm32f4_disco.o(.text) for TM_DISCO_LedInit
    main.o(.text) refers to tm_stm32f4_delay.o(.data) for TM_Time
    stm32f4xx_it.o(.text) refers to tm_stm32f4_delay.o(.text) for TimingDelay_Decrement
    system_stm32f4xx.o(.text) refers to system_stm32f4xx.o(.data) for SystemCoreClock
    entry.o(.ARM.Collect$$$$00000000) refers (Special) to entry10a.o(.ARM.Collect$$$$0000000D) for __rt_final_cpp
    entry.o(.ARM.Collect$$$$00000000) refers (Special) to entry11a.o(.ARM.Collect$$$$0000000F) for __rt_final_exit
    entry.o(.ARM.Collect$$$$00000000) refers (Special) to entry7b.o(.ARM.Collect$$$$00000008) for _main_clock
    entry.o(.ARM.Collect$$$$00000000) refers (Special) to entry8b.o(.ARM.Collect$$$$0000000A) for _main_cpp_init
    entry.o(.ARM.Collect$$$$00000000) refers (Special) to entry9a.o(.ARM.Collect$$$$0000000B) for _main_init
    entry.o(.ARM.Collect$$$$00000000) refers (Special) to entry5.o(.ARM.Collect$$$$00000004) for _main_scatterload
    entry.o(.ARM.Collect$$$$00000000) refers (Special) to entry2.o(.ARM.Collect$$$$00000001) for _main_stk
    malloc.o(i.free) refers to mvars.o(.data) for __microlib_freelist
    malloc.o(i.malloc) refers to mvars.o(.data) for __microlib_freelist_initialised
    malloc.o(i.malloc) refers to mvars.o(.data) for __microlib_freelist
    malloc.o(i.malloc) refers to startup_stm32f40_41xxx.o(HEAP) for __heap_base
    mallocr.o(i.__free$realloc) refers to mvars.o(.data) for __microlib_freelist
    mallocr.o(i.__malloc$realloc) refers to mallocr.o(i.internal_alloc) for internal_alloc
    mallocr.o(i.__malloc$realloc) refers to mvars.o(.data) for __microlib_freelist_initialised
    mallocr.o(i.__malloc$realloc) refers to startup_stm32f40_41xxx.o(HEAP) for __heap_base
    mallocr.o(i.__malloc$realloc) refers to mvars.o(.data) for __microlib_freelist
    mallocr.o(i.internal_alloc) refers to memcpya.o(.text) for __aeabi_memcpy
    mallocr.o(i.internal_alloc) refers to mvars.o(.data) for __microlib_freelist
    mallocr.o(i.realloc) refers to mallocr.o(i.__free$realloc) for __free$realloc
    mallocr.o(i.realloc) refers to mallocr.o(i.internal_alloc) for internal_alloc
    mallocr.o(i.realloc) refers to mallocr.o(i.__malloc$realloc) for __malloc$realloc
    mallocr.o(i.realloc) refers to mvars.o(.data) for __microlib_freelist
    malloca.o(i.__aligned_malloc) refers to mvars.o(.data) for __microlib_freelist_initialised
    malloca.o(i.__aligned_malloc) refers to mvars.o(.data) for __microlib_freelist
    malloca.o(i.__aligned_malloc) refers to startup_stm32f40_41xxx.o(HEAP) for __heap_base
    malloca.o(i.__free$memalign) refers to mvars.o(.data) for __microlib_freelist
    malloca.o(i.__malloc$memalign) refers to malloca.o(i.__aligned_malloc) for __aligned_malloc
    mallocra.o(i.__aligned_malloc$realloc) refers to mallocra.o(i.internal_alloc) for internal_alloc
    mallocra.o(i.__aligned_malloc$realloc) refers to mvars.o(.data) for __microlib_freelist_initialised
    mallocra.o(i.__aligned_malloc$realloc) refers to startup_stm32f40_41xxx.o(HEAP) for __heap_base
    mallocra.o(i.__aligned_malloc$realloc) refers to mvars.o(.data) for __microlib_freelist
    mallocra.o(i.__free$realloc$memalign) refers to mvars.o(.data) for __microlib_freelist
    mallocra.o(i.__malloc$realloc$memalign) refers to mallocra.o(i.__aligned_malloc$realloc) for __aligned_malloc$realloc
    mallocra.o(i.__realloc$memalign) refers to mallocra.o(i.__free$realloc$memalign) for __free$realloc$memalign
    mallocra.o(i.__realloc$memalign) refers to mallocra.o(i.internal_alloc) for internal_alloc
    mallocra.o(i.__realloc$memalign) refers to mallocra.o(i.__malloc$realloc$memalign) for __malloc$realloc$memalign
    mallocra.o(i.__realloc$memalign) refers to mvars.o(.data) for __microlib_freelist
    mallocra.o(i.internal_alloc) refers to memcpya.o(.text) for __aeabi_memcpy
    mallocra.o(i.internal_alloc) refers to mvars.o(.data) for __microlib_freelist
    entry2.o(.ARM.Collect$$$$00000001) refers to entry2.o(.ARM.Collect$$$$00002712) for __lit__00000000
    entry2.o(.ARM.Collect$$$$00002712) refers to startup_stm32f40_41xxx.o(STACK) for __initial_sp
    entry2.o(__vectab_stack_and_reset_area) refers to startup_stm32f40_41xxx.o(STACK) for __initial_sp
    entry2.o(__vectab_stack_and_reset_area) refers to entry.o(.ARM.Collect$$$$00000000) for __main
    entry5.o(.ARM.Collect$$$$00000004) refers to init.o(.text) for __scatterload
    entry9a.o(.ARM.Collect$$$$0000000B) refers to main.o(.text) for main
    entry9b.o(.ARM.Collect$$$$0000000C) refers to main.o(.text) for main
    init.o(.text) refers to entry5.o(.ARM.Collect$$$$00000004) for __main_after_scatterload


==============================================================================

Removing Unused input sections from the image.

    Removing misc.o(.rev16_text), (4 bytes).
    Removing misc.o(.revsh_text), (4 bytes).
    Removing misc.o(.rrx_text), (6 bytes).
    Removing misc.o(.text), (224 bytes).
    Removing stm32f4xx_rcc.o(.rev16_text), (4 bytes).
    Removing stm32f4xx_rcc.o(.revsh_text), (4 bytes).
    Removing stm32f4xx_rcc.o(.rrx_text), (6 bytes).
    Removing stm32f4xx_rcc.o(.text), (1628 bytes).
    Removing stm32f4xx_rcc.o(.data), (16 bytes).
    Removing stm32f4xx_gpio.o(.rev16_text), (4 bytes).
    Removing stm32f4xx_gpio.o(.revsh_text), (4 bytes).
    Removing stm32f4xx_gpio.o(.rrx_text), (6 bytes).
    Removing stm32f4xx_gpio.o(.text), (660 bytes).
    Removing tm_stm32f4_delay.o(.rev16_text), (4 bytes).
    Removing tm_stm32f4_delay.o(.revsh_text), (4 bytes).
    Removing tm_stm32f4_delay.o(.rrx_text), (6 bytes).
    Removing tm_stm32f4_disco.o(.rev16_text), (4 bytes).
    Removing tm_stm32f4_disco.o(.revsh_text), (4 bytes).
    Removing tm_stm32f4_disco.o(.rrx_text), (6 bytes).
    Removing tm_stm32f4_gpio.o(.rev16_text), (4 bytes).
    Removing tm_stm32f4_gpio.o(.revsh_text), (4 bytes).
    Removing tm_stm32f4_gpio.o(.rrx_text), (6 bytes).
    Removing main.o(.rev16_text), (4 bytes).
    Removing main.o(.revsh_text), (4 bytes).
    Removing main.o(.rrx_text), (6 bytes).
    Removing stm32f4xx_it.o(.rev16_text), (4 bytes).
    Removing stm32f4xx_it.o(.revsh_text), (4 bytes).
    Removing stm32f4xx_it.o(.rrx_text), (6 bytes).
    Removing system_stm32f4xx.o(.rev16_text), (4 bytes).
    Removing system_stm32f4xx.o(.revsh_text), (4 bytes).
    Removing system_stm32f4xx.o(.rrx_text), (6 bytes).

31 unused section(s) (total 2654 bytes) removed from the image.

==============================================================================

Image Symbol Table

    Local Symbols

    Symbol Name                              Value     Ov Type        Size  Object(Section)

    ../clib/microlib/init/entry.s            0x00000000   Number         0  entry10a.o ABSOLUTE
    ../clib/microlib/init/entry.s            0x00000000   Number         0  entry11b.o ABSOLUTE
    ../clib/microlib/init/entry.s            0x00000000   Number         0  entry11a.o ABSOLUTE
    ../clib/microlib/init/entry.s            0x00000000   Number         0  entry10b.o ABSOLUTE
    ../clib/microlib/init/entry.s            0x00000000   Number         0  entry7a.o ABSOLUTE
    ../clib/microlib/init/entry.s            0x00000000   Number         0  entry.o ABSOLUTE
    ../clib/microlib/init/entry.s            0x00000000   Number         0  entry2.o ABSOLUTE
    ../clib/microlib/init/entry.s            0x00000000   Number         0  entry5.o ABSOLUTE
    ../clib/microlib/init/entry.s            0x00000000   Number         0  entry9b.o ABSOLUTE
    ../clib/microlib/init/entry.s            0x00000000   Number         0  entry9a.o ABSOLUTE
    ../clib/microlib/init/entry.s            0x00000000   Number         0  entry8b.o ABSOLUTE
    ../clib/microlib/init/entry.s            0x00000000   Number         0  entry8a.o ABSOLUTE
    ../clib/microlib/init/entry.s            0x00000000   Number         0  entry7b.o ABSOLUTE
    ../clib/microlib/malloc/malloc.c         0x00000000   Number         0  malloc.o ABSOLUTE
    ../clib/microlib/malloc/malloc.c         0x00000000   Number         0  mallocr.o ABSOLUTE
    ../clib/microlib/malloc/malloc.c         0x00000000   Number         0  malloca.o ABSOLUTE
    ../clib/microlib/malloc/malloc.c         0x00000000   Number         0  mallocra.o ABSOLUTE
    ../clib/microlib/malloc/mvars.c          0x00000000   Number         0  mvars.o ABSOLUTE
    ../clib/microlib/string/memcpy.c         0x00000000   Number         0  memcpyb.o ABSOLUTE
    ../clib/microlib/string/memcpy.c         0x00000000   Number         0  memcpya.o ABSOLUTE
    ..\00-STM32F429_LIBRARIES\tm_stm32f4_delay.c 0x00000000   Number         0  tm_stm32f4_delay.o ABSOLUTE
    ..\00-STM32F429_LIBRARIES\tm_stm32f4_disco.c 0x00000000   Number         0  tm_stm32f4_disco.o ABSOLUTE
    ..\00-STM32F429_LIBRARIES\tm_stm32f4_gpio.c 0x00000000   Number         0  tm_stm32f4_gpio.o ABSOLUTE
    ..\00-STM32F4xx_STANDARD_PERIPHERAL_DRIVERS\CMSIS\Device\ST\STM32F4xx\Source\Templates\arm\startup_stm32f40_41xxx.s 0x00000000   Number         0  startup_stm32f40_41xxx.o ABSOLUTE
    ..\00-STM32F4xx_STANDARD_PERIPHERAL_DRIVERS\STM32F4xx_StdPeriph_Driver\src\misc.c 0x00000000   Number         0  misc.o ABSOLUTE
    ..\00-STM32F4xx_STANDARD_PERIPHERAL_DRIVERS\STM32F4xx_StdPeriph_Driver\src\stm32f4xx_gpio.c 0x00000000   Number         0  stm32f4xx_gpio.o ABSOLUTE
    ..\00-STM32F4xx_STANDARD_PERIPHERAL_DRIVERS\STM32F4xx_StdPeriph_Driver\src\stm32f4xx_rcc.c 0x00000000   Number         0  stm32f4xx_rcc.o ABSOLUTE
    ..\\00-STM32F429_LIBRARIES\\tm_stm32f4_delay.c 0x00000000   Number         0  tm_stm32f4_delay.o ABSOLUTE
    ..\\00-STM32F429_LIBRARIES\\tm_stm32f4_disco.c 0x00000000   Number         0  tm_stm32f4_disco.o ABSOLUTE
    ..\\00-STM32F429_LIBRARIES\\tm_stm32f4_gpio.c 0x00000000   Number         0  tm_stm32f4_gpio.o ABSOLUTE
    ..\\00-STM32F4xx_STANDARD_PERIPHERAL_DRIVERS\\STM32F4xx_StdPeriph_Driver\\src\\misc.c 0x00000000   Number         0  misc.o ABSOLUTE
    ..\\00-STM32F4xx_STANDARD_PERIPHERAL_DRIVERS\\STM32F4xx_StdPeriph_Driver\\src\\stm32f4xx_gpio.c 0x00000000   Number         0  stm32f4xx_gpio.o ABSOLUTE
    ..\\00-STM32F4xx_STANDARD_PERIPHERAL_DRIVERS\\STM32F4xx_StdPeriph_Driver\\src\\stm32f4xx_rcc.c 0x00000000   Number         0  stm32f4xx_rcc.o ABSOLUTE
    User\\main.c                             0x00000000   Number         0  main.o ABSOLUTE
    User\\stm32f4xx_it.c                     0x00000000   Number         0  stm32f4xx_it.o ABSOLUTE
    User\\system_stm32f4xx.c                 0x00000000   Number         0  system_stm32f4xx.o ABSOLUTE
    User\main.c                              0x00000000   Number         0  main.o ABSOLUTE
    User\stm32f4xx_it.c                      0x00000000   Number         0  stm32f4xx_it.o ABSOLUTE
    User\system_stm32f4xx.c                  0x00000000   Number         0  system_stm32f4xx.o ABSOLUTE
    dc.s                                     0x00000000   Number         0  dc.o ABSOLUTE
    handlers.s                               0x00000000   Number         0  handlers.o ABSOLUTE
    init.s                                   0x00000000   Number         0  init.o ABSOLUTE
    RESET                                    0x08000000   Section      392  startup_stm32f40_41xxx.o(RESET)
    .ARM.Collect$$$$00000000                 0x08000188   Section        0  entry.o(.ARM.Collect$$$$00000000)
    .ARM.Collect$$$$00000001                 0x08000188   Section        4  entry2.o(.ARM.Collect$$$$00000001)
    .ARM.Collect$$$$00000004                 0x0800018c   Section        4  entry5.o(.ARM.Collect$$$$00000004)
    .ARM.Collect$$$$00000008                 0x08000190   Section        0  entry7b.o(.ARM.Collect$$$$00000008)
    .ARM.Collect$$$$0000000A                 0x08000190   Section        0  entry8b.o(.ARM.Collect$$$$0000000A)
    .ARM.Collect$$$$0000000B                 0x08000190   Section        8  entry9a.o(.ARM.Collect$$$$0000000B)
    .ARM.Collect$$$$0000000D                 0x08000198   Section        0  entry10a.o(.ARM.Collect$$$$0000000D)
    .ARM.Collect$$$$0000000F                 0x08000198   Section        0  entry11a.o(.ARM.Collect$$$$0000000F)
    .ARM.Collect$$$$00002712                 0x08000198   Section        4  entry2.o(.ARM.Collect$$$$00002712)
    __lit__00000000                          0x08000198   Data           4  entry2.o(.ARM.Collect$$$$00002712)
    .text                                    0x0800019c   Section       36  startup_stm32f40_41xxx.o(.text)
    $v0                                      0x0800019c   Number         0  startup_stm32f40_41xxx.o(.text)
    .text                                    0x080001c0   Section        0  tm_stm32f4_delay.o(.text)
    .text                                    0x08000414   Section        0  tm_stm32f4_disco.o(.text)
    .text                                    0x080004ac   Section        0  tm_stm32f4_gpio.o(.text)
    .text                                    0x080007ac   Section        0  main.o(.text)
    Delayms                                  0x080007ad   Thumb Code    54  main.o(.text)
    .text                                    0x08000824   Section        0  stm32f4xx_it.o(.text)
    .text                                    0x08000848   Section        0  system_stm32f4xx.o(.text)
    SetSysClock                              0x080008f3   Thumb Code   270  system_stm32f4xx.o(.text)
    .text                                    0x08000a90   Section       36  init.o(.text)
    i.__scatterload_copy                     0x08000ab4   Section       14  handlers.o(i.__scatterload_copy)
    i.__scatterload_null                     0x08000ac2   Section        2  handlers.o(i.__scatterload_null)
    i.__scatterload_zeroinit                 0x08000ac4   Section       14  handlers.o(i.__scatterload_zeroinit)
    i.free                                   0x08000ad4   Section        0  malloc.o(i.free)
    i.malloc                                 0x08000b24   Section        0  malloc.o(i.malloc)
    .data                                    0x20000000   Section       17  tm_stm32f4_delay.o(.data)
    .data                                    0x20000011   Section        1  tm_stm32f4_disco.o(.data)
    TM_INT_DISCO_ButtonPressed               0x20000011   Data           1  tm_stm32f4_disco.o(.data)
    .data                                    0x20000014   Section       20  system_stm32f4xx.o(.data)
    .data                                    0x20000028   Section        4  mvars.o(.data)
    .data                                    0x2000002c   Section        4  mvars.o(.data)
    .bss                                     0x20000030   Section       24  tm_stm32f4_delay.o(.bss)
    CustomTimers                             0x20000030   Data          24  tm_stm32f4_delay.o(.bss)
    .bss                                     0x20000048   Section       22  tm_stm32f4_gpio.o(.bss)
    GPIO_UsedPins                            0x20000048   Data          22  tm_stm32f4_gpio.o(.bss)
    HEAP                                     0x20000060   Section      512  startup_stm32f40_41xxx.o(HEAP)
    STACK                                    0x20000260   Section     1024  startup_stm32f40_41xxx.o(STACK)

    Global Symbols

    Symbol Name                              Value     Ov Type        Size  Object(Section)

    BuildAttributes$$THM_ISAv4$E$P$D$K$B$S$7EM$VFPi3$EXTD16$VFPS$VFMA$PE$A:L22UL41UL21$X:L11$S22US41US21$IEEE1$IW$USESV6$~STKCKD$USESV7$~SHL$OSPACE$EBA8$MICROLIB$REQ8$PRES8$EABIv2 0x00000000   Number         0  anon$$obj.o ABSOLUTE
    __ARM_use_no_argv                        0x00000000   Number         0  main.o ABSOLUTE
    TM_DELAY_1msHandler                       - Undefined Weak Reference
    __cpp_initialize__aeabi_                  - Undefined Weak Reference
    __cxa_finalize                            - Undefined Weak Reference
    __decompress                              - Undefined Weak Reference
    _clock_init                               - Undefined Weak Reference
    _microlib_exit                            - Undefined Weak Reference
    __Vectors_Size                           0x00000188   Number         0  startup_stm32f40_41xxx.o ABSOLUTE
    __Vectors                                0x08000000   Data           4  startup_stm32f40_41xxx.o(RESET)
    __Vectors_End                            0x08000188   Data           0  startup_stm32f40_41xxx.o(RESET)
    __main                                   0x08000189   Thumb Code     0  entry.o(.ARM.Collect$$$$00000000)
    _main_stk                                0x08000189   Thumb Code     0  entry2.o(.ARM.Collect$$$$00000001)
    _main_scatterload                        0x0800018d   Thumb Code     0  entry5.o(.ARM.Collect$$$$00000004)
    __main_after_scatterload                 0x08000191   Thumb Code     0  entry5.o(.ARM.Collect$$$$00000004)
    _main_clock                              0x08000191   Thumb Code     0  entry7b.o(.ARM.Collect$$$$00000008)
    _main_cpp_init                           0x08000191   Thumb Code     0  entry8b.o(.ARM.Collect$$$$0000000A)
    _main_init                               0x08000191   Thumb Code     0  entry9a.o(.ARM.Collect$$$$0000000B)
    __rt_final_cpp                           0x08000199   Thumb Code     0  entry10a.o(.ARM.Collect$$$$0000000D)
    __rt_final_exit                          0x08000199   Thumb Code     0  entry11a.o(.ARM.Collect$$$$0000000F)
    Reset_Handler                            0x0800019d   Thumb Code     8  startup_stm32f40_41xxx.o(.text)
    ADC_IRQHandler                           0x080001b7   Thumb Code     0  startup_stm32f40_41xxx.o(.text)
    CAN1_RX0_IRQHandler                      0x080001b7   Thumb Code     0  startup_stm32f40_41xxx.o(.text)
    CAN1_RX1_IRQHandler                      0x080001b7   Thumb Code     0  startup_stm32f40_41xxx.o(.text)
    CAN1_SCE_IRQHandler                      0x080001b7   Thumb Code     0  startup_stm32f40_41xxx.o(.text)
    CAN1_TX_IRQHandler                       0x080001b7   Thumb Code     0  startup_stm32f40_41xxx.o(.text)
    CAN2_RX0_IRQHandler                      0x080001b7   Thumb Code     0  startup_stm32f40_41xxx.o(.text)
    CAN2_RX1_IRQHandler                      0x080001b7   Thumb Code     0  startup_stm32f40_41xxx.o(.text)
    CAN2_SCE_IRQHandler                      0x080001b7   Thumb Code     0  startup_stm32f40_41xxx.o(.text)
    CAN2_TX_IRQHandler                       0x080001b7   Thumb Code     0  startup_stm32f40_41xxx.o(.text)
    CRYP_IRQHandler                          0x080001b7   Thumb Code     0  startup_stm32f40_41xxx.o(.text)
    DCMI_IRQHandler                          0x080001b7   Thumb Code     0  startup_stm32f40_41xxx.o(.text)
    DMA1_Stream0_IRQHandler                  0x080001b7   Thumb Code     0  startup_stm32f40_41xxx.o(.text)
    DMA1_Stream1_IRQHandler                  0x080001b7   Thumb Code     0  startup_stm32f40_41xxx.o(.text)
    DMA1_Stream2_IRQHandler                  0x080001b7   Thumb Code     0  startup_stm32f40_41xxx.o(.text)
    DMA1_Stream3_IRQHandler                  0x080001b7   Thumb Code     0  startup_stm32f40_41xxx.o(.text)
    DMA1_Stream4_IRQHandler                  0x080001b7   Thumb Code     0  startup_stm32f40_41xxx.o(.text)
    DMA1_Stream5_IRQHandler                  0x080001b7   Thumb Code     0  startup_stm32f40_41xxx.o(.text)
    DMA1_Stream6_IRQHandler                  0x080001b7   Thumb Code     0  startup_stm32f40_41xxx.o(.text)
    DMA1_Stream7_IRQHandler                  0x080001b7   Thumb Code     0  startup_stm32f40_41xxx.o(.text)
    DMA2_Stream0_IRQHandler                  0x080001b7   Thumb Code     0  startup_stm32f40_41xxx.o(.text)
    DMA2_Stream1_IRQHandler                  0x080001b7   Thumb Code     0  startup_stm32f40_41xxx.o(.text)
    DMA2_Stream2_IRQHandler                  0x080001b7   Thumb Code     0  startup_stm32f40_41xxx.o(.text)
    DMA2_Stream3_IRQHandler                  0x080001b7   Thumb Code     0  startup_stm32f40_41xxx.o(.text)
    DMA2_Stream4_IRQHandler                  0x080001b7   Thumb Code     0  startup_stm32f40_41xxx.o(.text)
    DMA2_Stream5_IRQHandler                  0x080001b7   Thumb Code     0  startup_stm32f40_41xxx.o(.text)
    DMA2_Stream6_IRQHandler                  0x080001b7   Thumb Code     0  startup_stm32f40_41xxx.o(.text)
    DMA2_Stream7_IRQHandler                  0x080001b7   Thumb Code     0  startup_stm32f40_41xxx.o(.text)
    ETH_IRQHandler                           0x080001b7   Thumb Code     0  startup_stm32f40_41xxx.o(.text)
    ETH_WKUP_IRQHandler                      0x080001b7   Thumb Code     0  startup_stm32f40_41xxx.o(.text)
    EXTI0_IRQHandler                         0x080001b7   Thumb Code     0  startup_stm32f40_41xxx.o(.text)
    EXTI15_10_IRQHandler                     0x080001b7   Thumb Code     0  startup_stm32f40_41xxx.o(.text)
    EXTI1_IRQHandler                         0x080001b7   Thumb Code     0  startup_stm32f40_41xxx.o(.text)
    EXTI2_IRQHandler                         0x080001b7   Thumb Code     0  startup_stm32f40_41xxx.o(.text)
    EXTI3_IRQHandler                         0x080001b7   Thumb Code     0  startup_stm32f40_41xxx.o(.text)
    EXTI4_IRQHandler                         0x080001b7   Thumb Code     0  startup_stm32f40_41xxx.o(.text)
    EXTI9_5_IRQHandler                       0x080001b7   Thumb Code     0  startup_stm32f40_41xxx.o(.text)
    FLASH_IRQHandler                         0x080001b7   Thumb Code     0  startup_stm32f40_41xxx.o(.text)
    FPU_IRQHandler                           0x080001b7   Thumb Code     0  startup_stm32f40_41xxx.o(.text)
    FSMC_IRQHandler                          0x080001b7   Thumb Code     0  startup_stm32f40_41xxx.o(.text)
    HASH_RNG_IRQHandler                      0x080001b7   Thumb Code     0  startup_stm32f40_41xxx.o(.text)
    I2C1_ER_IRQHandler                       0x080001b7   Thumb Code     0  startup_stm32f40_41xxx.o(.text)
    I2C1_EV_IRQHandler                       0x080001b7   Thumb Code     0  startup_stm32f40_41xxx.o(.text)
    I2C2_ER_IRQHandler                       0x080001b7   Thumb Code     0  startup_stm32f40_41xxx.o(.text)
    I2C2_EV_IRQHandler                       0x080001b7   Thumb Code     0  startup_stm32f40_41xxx.o(.text)
    I2C3_ER_IRQHandler                       0x080001b7   Thumb Code     0  startup_stm32f40_41xxx.o(.text)
    I2C3_EV_IRQHandler                       0x080001b7   Thumb Code     0  startup_stm32f40_41xxx.o(.text)
    OTG_FS_IRQHandler                        0x080001b7   Thumb Code     0  startup_stm32f40_41xxx.o(.text)
    OTG_FS_WKUP_IRQHandler                   0x080001b7   Thumb Code     0  startup_stm32f40_41xxx.o(.text)
    OTG_HS_EP1_IN_IRQHandler                 0x080001b7   Thumb Code     0  startup_stm32f40_41xxx.o(.text)
    OTG_HS_EP1_OUT_IRQHandler                0x080001b7   Thumb Code     0  startup_stm32f40_41xxx.o(.text)
    OTG_HS_IRQHandler                        0x080001b7   Thumb Code     0  startup_stm32f40_41xxx.o(.text)
    OTG_HS_WKUP_IRQHandler                   0x080001b7   Thumb Code     0  startup_stm32f40_41xxx.o(.text)
    PVD_IRQHandler                           0x080001b7   Thumb Code     0  startup_stm32f40_41xxx.o(.text)
    RCC_IRQHandler                           0x080001b7   Thumb Code     0  startup_stm32f40_41xxx.o(.text)
    RTC_Alarm_IRQHandler                     0x080001b7   Thumb Code     0  startup_stm32f40_41xxx.o(.text)
    RTC_WKUP_IRQHandler                      0x080001b7   Thumb Code     0  startup_stm32f40_41xxx.o(.text)
    SDIO_IRQHandler                          0x080001b7   Thumb Code     0  startup_stm32f40_41xxx.o(.text)
    SPI1_IRQHandler                          0x080001b7   Thumb Code     0  startup_stm32f40_41xxx.o(.text)
    SPI2_IRQHandler                          0x080001b7   Thumb Code     0  startup_stm32f40_41xxx.o(.text)
    SPI3_IRQHandler                          0x080001b7   Thumb Code     0  startup_stm32f40_41xxx.o(.text)
    TAMP_STAMP_IRQHandler                    0x080001b7   Thumb Code     0  startup_stm32f40_41xxx.o(.text)
    TIM1_BRK_TIM9_IRQHandler                 0x080001b7   Thumb Code     0  startup_stm32f40_41xxx.o(.text)
    TIM1_CC_IRQHandler                       0x080001b7   Thumb Code     0  startup_stm32f40_41xxx.o(.text)
    TIM1_TRG_COM_TIM11_IRQHandler            0x080001b7   Thumb Code     0  startup_stm32f40_41xxx.o(.text)
    TIM1_UP_TIM10_IRQHandler                 0x080001b7   Thumb Code     0  startup_stm32f40_41xxx.o(.text)
    TIM2_IRQHandler                          0x080001b7   Thumb Code     0  startup_stm32f40_41xxx.o(.text)
    TIM3_IRQHandler                          0x080001b7   Thumb Code     0  startup_stm32f40_41xxx.o(.text)
    TIM4_IRQHandler                          0x080001b7   Thumb Code     0  startup_stm32f40_41xxx.o(.text)
    TIM5_IRQHandler                          0x080001b7   Thumb Code     0  startup_stm32f40_41xxx.o(.text)
    TIM6_DAC_IRQHandler                      0x080001b7   Thumb Code     0  startup_stm32f40_41xxx.o(.text)
    TIM7_IRQHandler                          0x080001b7   Thumb Code     0  startup_stm32f40_41xxx.o(.text)
    TIM8_BRK_TIM12_IRQHandler                0x080001b7   Thumb Code     0  startup_stm32f40_41xxx.o(.text)
    TIM8_CC_IRQHandler                       0x080001b7   Thumb Code     0  startup_stm32f40_41xxx.o(.text)
    TIM8_TRG_COM_TIM14_IRQHandler            0x080001b7   Thumb Code     0  startup_stm32f40_41xxx.o(.text)
    TIM8_UP_TIM13_IRQHandler                 0x080001b7   Thumb Code     0  startup_stm32f40_41xxx.o(.text)
    UART4_IRQHandler                         0x080001b7   Thumb Code     0  startup_stm32f40_41xxx.o(.text)
    UART5_IRQHandler                         0x080001b7   Thumb Code     0  startup_stm32f40_41xxx.o(.text)
    USART1_IRQHandler                        0x080001b7   Thumb Code     0  startup_stm32f40_41xxx.o(.text)
    USART2_IRQHandler                        0x080001b7   Thumb Code     0  startup_stm32f40_41xxx.o(.text)
    USART3_IRQHandler                        0x080001b7   Thumb Code     0  startup_stm32f40_41xxx.o(.text)
    USART6_IRQHandler                        0x080001b7   Thumb Code     0  startup_stm32f40_41xxx.o(.text)
    WWDG_IRQHandler                          0x080001b7   Thumb Code     0  startup_stm32f40_41xxx.o(.text)
    TimingDelay_Decrement                    0x080001c1   Thumb Code   162  tm_stm32f4_delay.o(.text)
    TM_DELAY_Init                            0x08000263   Thumb Code   110  tm_stm32f4_delay.o(.text)
    TM_DELAY_EnableDelayTimer                0x080002d1   Thumb Code    28  tm_stm32f4_delay.o(.text)
    TM_DELAY_DisableDelayTimer               0x080002ed   Thumb Code    18  tm_stm32f4_delay.o(.text)
    TM_DELAY_TimerCreate                     0x080002ff   Thumb Code    90  tm_stm32f4_delay.o(.text)
    TM_DELAY_TimerDelete                     0x08000359   Thumb Code   126  tm_stm32f4_delay.o(.text)
    TM_DELAY_TimerStop                       0x080003d7   Thumb Code     6  tm_stm32f4_delay.o(.text)
    TM_DELAY_TimerStart                      0x080003dd   Thumb Code     6  tm_stm32f4_delay.o(.text)
    TM_DELAY_TimerReset                      0x080003e3   Thumb Code     6  tm_stm32f4_delay.o(.text)
    TM_DELAY_TimerAutoReload                 0x080003e9   Thumb Code     4  tm_stm32f4_delay.o(.text)
    TM_DELAY_TimerAutoReloadValue            0x080003ed   Thumb Code     4  tm_stm32f4_delay.o(.text)
    TM_DISCO_LedInit                         0x08000415   Thumb Code    36  tm_stm32f4_disco.o(.text)
    TM_DISCO_ButtonInit                      0x08000439   Thumb Code    24  tm_stm32f4_disco.o(.text)
    TM_DISCO_ButtonOnPressed                 0x08000451   Thumb Code    38  tm_stm32f4_disco.o(.text)
    TM_DISCO_ButtonOnReleased                0x08000477   Thumb Code    40  tm_stm32f4_disco.o(.text)
    TM_GPIO_GetPortSource                    0x080004ad   Thumb Code    14  tm_stm32f4_gpio.o(.text)
    TM_GPIO_INT_Init                         0x080004bb   Thumb Code   170  tm_stm32f4_gpio.o(.text)
    TM_GPIO_INT_EnableClock                  0x08000565   Thumb Code    28  tm_stm32f4_gpio.o(.text)
    TM_GPIO_Init                             0x08000581   Thumb Code    48  tm_stm32f4_gpio.o(.text)
    TM_GPIO_InitAlternate                    0x080005b1   Thumb Code   110  tm_stm32f4_gpio.o(.text)
    TM_GPIO_DeInit                           0x0800061f   Thumb Code    66  tm_stm32f4_gpio.o(.text)
    TM_GPIO_SetPinAsInput                    0x08000661   Thumb Code    38  tm_stm32f4_gpio.o(.text)
    TM_GPIO_SetPinAsOutput                   0x08000687   Thumb Code    46  tm_stm32f4_gpio.o(.text)
    TM_GPIO_SetPinAsAnalog                   0x080006b5   Thumb Code    38  tm_stm32f4_gpio.o(.text)
    TM_GPIO_SetPinAsAlternate                0x080006db   Thumb Code    50  tm_stm32f4_gpio.o(.text)
    TM_GPIO_SetPullResistor                  0x0800070d   Thumb Code    50  tm_stm32f4_gpio.o(.text)
    TM_GPIO_Lock                             0x0800073f   Thumb Code    16  tm_stm32f4_gpio.o(.text)
    TM_GPIO_GetPinSource                     0x0800074f   Thumb Code    18  tm_stm32f4_gpio.o(.text)
    TM_GPIO_INT_DisableClock                 0x08000761   Thumb Code    26  tm_stm32f4_gpio.o(.text)
    TM_GPIO_GetUsedPins                      0x0800077b   Thumb Code    18  tm_stm32f4_gpio.o(.text)
    TM_GPIO_GetFreePins                      0x0800078d   Thumb Code    22  tm_stm32f4_gpio.o(.text)
    main                                     0x080007e3   Thumb Code    56  main.o(.text)
    NMI_Handler                              0x08000825   Thumb Code     2  stm32f4xx_it.o(.text)
    HardFault_Handler                        0x08000827   Thumb Code     4  stm32f4xx_it.o(.text)
    MemManage_Handler                        0x0800082b   Thumb Code     4  stm32f4xx_it.o(.text)
    BusFault_Handler                         0x0800082f   Thumb Code     4  stm32f4xx_it.o(.text)
    UsageFault_Handler                       0x08000833   Thumb Code     4  stm32f4xx_it.o(.text)
    SVC_Handler                              0x08000837   Thumb Code     2  stm32f4xx_it.o(.text)
    DebugMon_Handler                         0x08000839   Thumb Code     2  stm32f4xx_it.o(.text)
    PendSV_Handler                           0x0800083b   Thumb Code     2  stm32f4xx_it.o(.text)
    SysTick_Handler                          0x0800083f   Thumb Code     8  stm32f4xx_it.o(.text)
    SystemCoreClockUpdate                    0x08000849   Thumb Code   170  system_stm32f4xx.o(.text)
    SystemInit                               0x08000a01   Thumb Code    94  system_stm32f4xx.o(.text)
    __scatterload                            0x08000a91   Thumb Code    28  init.o(.text)
    __scatterload_rt2                        0x08000a91   Thumb Code     0  init.o(.text)
    __scatterload_copy                       0x08000ab5   Thumb Code    14  handlers.o(i.__scatterload_copy)
    __scatterload_null                       0x08000ac3   Thumb Code     2  handlers.o(i.__scatterload_null)
    __scatterload_zeroinit                   0x08000ac5   Thumb Code    14  handlers.o(i.__scatterload_zeroinit)
    free                                     0x08000ad5   Thumb Code    76  malloc.o(i.free)
    malloc                                   0x08000b25   Thumb Code    92  malloc.o(i.malloc)
    Region$$Table$$Base                      0x08000b90   Number         0  anon$$obj.o(Region$$Table)
    Region$$Table$$Limit                     0x08000bb0   Number         0  anon$$obj.o(Region$$Table)
    TM_TimingDelay                           0x20000000   Data           4  tm_stm32f4_delay.o(.data)
    TM_Time                                  0x20000004   Data           4  tm_stm32f4_delay.o(.data)
    TM_Time2                                 0x20000008   Data           4  tm_stm32f4_delay.o(.data)
    mult                                     0x2000000c   Data           4  tm_stm32f4_delay.o(.data)
    TM_DELAY_Initialized                     0x20000010   Data           1  tm_stm32f4_delay.o(.data)
    SystemCoreClock                          0x20000014   Data           4  system_stm32f4xx.o(.data)
    AHBPrescTable                            0x20000018   Data          16  system_stm32f4xx.o(.data)
    __microlib_freelist                      0x20000028   Data           4  mvars.o(.data)
    __microlib_freelist_initialised          0x2000002c   Data           4  mvars.o(.data)
    __heap_base                              0x20000060   Data           0  startup_stm32f40_41xxx.o(HEAP)
    __heap_limit                             0x20000260   Data           0  startup_stm32f40_41xxx.o(HEAP)
    __initial_sp                             0x20000660   Data           0  startup_stm32f40_41xxx.o(STACK)



==============================================================================

Memory Map of the image

  Image Entry point : 0x08000189

  Load Region LR_IROM1 (Base: 0x08000000, Size: 0x00000be0, Max: 0x00100000, ABSOLUTE)

    Execution Region ER_IROM1 (Base: 0x08000000, Size: 0x00000bb0, Max: 0x00100000, ABSOLUTE)

    Base Addr    Size         Type   Attr      Idx    E Section Name        Object

    0x08000000   0x00000188   Data   RO            3    RESET               startup_stm32f40_41xxx.o
    0x08000188   0x00000000   Code   RO          385  * .ARM.Collect$$$$00000000  mc_w.l(entry.o)
    0x08000188   0x00000004   Code   RO          416    .ARM.Collect$$$$00000001  mc_w.l(entry2.o)
    0x0800018c   0x00000004   Code   RO          419    .ARM.Collect$$$$00000004  mc_w.l(entry5.o)
    0x08000190   0x00000000   Code   RO          421    .ARM.Collect$$$$00000008  mc_w.l(entry7b.o)
    0x08000190   0x00000000   Code   RO          423    .ARM.Collect$$$$0000000A  mc_w.l(entry8b.o)
    0x08000190   0x00000008   Code   RO          424    .ARM.Collect$$$$0000000B  mc_w.l(entry9a.o)
    0x08000198   0x00000000   Code   RO          426    .ARM.Collect$$$$0000000D  mc_w.l(entry10a.o)
    0x08000198   0x00000000   Code   RO          428    .ARM.Collect$$$$0000000F  mc_w.l(entry11a.o)
    0x08000198   0x00000004   Code   RO          417    .ARM.Collect$$$$00002712  mc_w.l(entry2.o)
    0x0800019c   0x00000024   Code   RO            4    .text               startup_stm32f40_41xxx.o
    0x080001c0   0x00000254   Code   RO          192    .text               tm_stm32f4_delay.o
    0x08000414   0x00000098   Code   RO          239    .text               tm_stm32f4_disco.o
    0x080004ac   0x00000300   Code   RO          271    .text               tm_stm32f4_gpio.o
    0x080007ac   0x00000078   Code   RO          297    .text               main.o
    0x08000824   0x00000022   Code   RO          331    .text               stm32f4xx_it.o
    0x08000846   0x00000002   PAD
    0x08000848   0x00000248   Code   RO          358    .text               system_stm32f4xx.o
    0x08000a90   0x00000024   Code   RO          436    .text               mc_w.l(init.o)
    0x08000ab4   0x0000000e   Code   RO          440    i.__scatterload_copy  mc_w.l(handlers.o)
    0x08000ac2   0x00000002   Code   RO          441    i.__scatterload_null  mc_w.l(handlers.o)
    0x08000ac4   0x0000000e   Code   RO          442    i.__scatterload_zeroinit  mc_w.l(handlers.o)
    0x08000ad2   0x00000002   PAD
    0x08000ad4   0x00000050   Code   RO          388    i.free              mc_w.l(malloc.o)
    0x08000b24   0x0000006c   Code   RO          389    i.malloc            mc_w.l(malloc.o)
    0x08000b90   0x00000020   Data   RO          438    Region$$Table       anon$$obj.o


    Execution Region RW_IRAM1 (Base: 0x20000000, Size: 0x00000660, Max: 0x00020000, ABSOLUTE)

    Base Addr    Size         Type   Attr      Idx    E Section Name        Object

    0x20000000   0x00000011   Data   RW          194    .data               tm_stm32f4_delay.o
    0x20000011   0x00000001   Data   RW          240    .data               tm_stm32f4_disco.o
    0x20000012   0x00000002   PAD
    0x20000014   0x00000014   Data   RW          359    .data               system_stm32f4xx.o
    0x20000028   0x00000004   Data   RW          434    .data               mc_w.l(mvars.o)
    0x2000002c   0x00000004   Data   RW          435    .data               mc_w.l(mvars.o)
    0x20000030   0x00000018   Zero   RW          193    .bss                tm_stm32f4_delay.o
    0x20000048   0x00000016   Zero   RW          272    .bss                tm_stm32f4_gpio.o
    0x2000005e   0x00000002   PAD
    0x20000060   0x00000200   Zero   RW            2    HEAP                startup_stm32f40_41xxx.o
    0x20000260   0x00000400   Zero   RW            1    STACK               startup_stm32f40_41xxx.o


==============================================================================

Image component sizes


      Code (inc. data)   RO Data    RW Data    ZI Data      Debug   Object Name

       120         10          0          0          0       3707   main.o
         0          0          0          0          0     240948   misc.o
        36          8        392          0       1536       1112   startup_stm32f40_41xxx.o
        34          0          0          0          0       1560   stm32f4xx_it.o
       584         50          0         20          0       2127   system_stm32f4xx.o
       596         36          0         17         24      33890   tm_stm32f4_delay.o
       152         14          0          1          0       4174   tm_stm32f4_disco.o
       768         10          0          0         22       5960   tm_stm32f4_gpio.o

    ----------------------------------------------------------------------
      2292        128        424         40       1584     293478   Object Totals
         0          0         32          0          0          0   (incl. Generated)
         2          0          0          2          2          0   (incl. Padding)

    ----------------------------------------------------------------------

      Code (inc. data)   RO Data    RW Data    ZI Data      Debug   Library Member Name

         0          0          0          0          0          0   entry.o
         0          0          0          0          0          0   entry10a.o
         0          0          0          0          0          0   entry11a.o
         8          4          0          0          0          0   entry2.o
         4          0          0          0          0          0   entry5.o
         0          0          0          0          0          0   entry7b.o
         0          0          0          0          0          0   entry8b.o
         8          4          0          0          0          0   entry9a.o
        30          0          0          0          0          0   handlers.o
        36          8          0          0          0         68   init.o
       188         20          0          0          0        160   malloc.o
         0          0          0          8          0          0   mvars.o

    ----------------------------------------------------------------------
       276         36          0          8          0        228   Library Totals
         2          0          0          0          0          0   (incl. Padding)

    ----------------------------------------------------------------------

      Code (inc. data)   RO Data    RW Data    ZI Data      Debug   Library Name

       274         36          0          8          0        228   mc_w.l

    ----------------------------------------------------------------------
       276         36          0          8          0        228   Library Totals

    ----------------------------------------------------------------------

==============================================================================


      Code (inc. data)   RO Data    RW Data    ZI Data      Debug   

      2568        164        424         48       1584     293058   Grand Totals
      2568        164        424         48       1584     293058   ELF Image Totals
      2568        164        424         48          0          0   ROM Totals

==============================================================================

    Total RO  Size (Code + RO Data)                 2992 (   2.92kB)
    Total RW  Size (RW Data + ZI Data)              1632 (   1.59kB)
    Total ROM Size (Code + RO Data + RW Data)       3040 (   2.97kB)

==============================================================================

